[     651ms] [INFO] Banner not shown: beforeinstallpromptevent.preventDefault() called. The page must call beforeinstallpromptevent.prompt() to show the banner. @ http://localhost:3000/:0
[     694ms] [ERROR] Failed to load resource: the server responded with a status of 404 (Not Found) @ http://localhost:3000/favicon.ico:0
[    2751ms] [INFO] Banner not shown: beforeinstallpromptevent.preventDefault() called. The page must call beforeinstallpromptevent.prompt() to show the banner. @ http://localhost:3000/:0
[  157516ms] [WARNING] Wake Lock request failed: NotAllowedError: Wake Lock permission request denied @ http://localhost:3000/:3411
[  157598ms] [INFO] Banner not shown: beforeinstallpromptevent.preventDefault() called. The page must call beforeinstallpromptevent.prompt() to show the banner. @ http://localhost:3000/:0
[  160046ms] [ERROR] Blocked call to navigator.vibrate because user hasn't tapped on the frame or any embedded frame yet: https://www.chromestatus.com/feature/5644273861001216. @ http://localhost:3000/:7391
[ 1357538ms] [ERROR] Failed to load resource: net::ERR_FAILED @ http://localhost:3000/VERSION:0
[ 1657542ms] [ERROR] Failed to load resource: net::ERR_FAILED @ http://localhost:3000/VERSION:0
[ 1957546ms] [ERROR] Failed to load resource: net::ERR_FAILED @ http://localhost:3000/VERSION:0
[ 2257550ms] [ERROR] Failed to load resource: net::ERR_FAILED @ http://localhost:3000/VERSION:0
[ 2557556ms] [ERROR] Failed to load resource: net::ERR_FAILED @ http://localhost:3000/VERSION:0
[ 2857560ms] [ERROR] Failed to load resource: net::ERR_FAILED @ http://localhost:3000/VERSION:0
[ 3157564ms] [ERROR] Failed to load resource: net::ERR_FAILED @ http://localhost:3000/VERSION:0
[ 3457567ms] [ERROR] Failed to load resource: net::ERR_FAILED @ http://localhost:3000/VERSION:0
[ 3757570ms] [ERROR] Failed to load resource: net::ERR_FAILED @ http://localhost:3000/VERSION:0
[ 4057574ms] [ERROR] Failed to load resource: net::ERR_FAILED @ http://localhost:3000/VERSION:0
[ 4357578ms] [ERROR] Failed to load resource: net::ERR_FAILED @ http://localhost:3000/VERSION:0
[ 4657581ms] [ERROR] Failed to load resource: net::ERR_FAILED @ http://localhost:3000/VERSION:0
[ 4957598ms] [ERROR] Failed to load resource: net::ERR_FAILED @ http://localhost:3000/VERSION:0
[ 5257603ms] [ERROR] Failed to load resource: net::ERR_FAILED @ http://localhost:3000/VERSION:0
[ 5557609ms] [ERROR] Failed to load resource: net::ERR_FAILED @ http://localhost:3000/VERSION:0
