[     671ms] [ERROR] Failed to load resource: the server responded with a status of 404 (Not Found) @ http://localhost:3999/favicon.ico:0
[     712ms] [INFO] Banner not shown: beforeinstallpromptevent.preventDefault() called. The page must call beforeinstallpromptevent.prompt() to show the banner. @ http://localhost:3999/:0
[    2343ms] [INFO] Banner not shown: beforeinstallpromptevent.preventDefault() called. The page must call beforeinstallpromptevent.prompt() to show the banner. @ http://localhost:3999/:0
[    8062ms] [WARNING] Wake Lock request failed: NotAllowedError: Wake Lock permission request denied @ http://localhost:3999/:2841
[    8113ms] [INFO] Banner not shown: beforeinstallpromptevent.preventDefault() called. The page must call beforeinstallpromptevent.prompt() to show the banner. @ http://localhost:3999/:0
[  608079ms] [ERROR] Failed to load resource: net::ERR_FAILED @ http://localhost:3999/VERSION:0
[  908083ms] [ERROR] Failed to load resource: net::ERR_FAILED @ http://localhost:3999/VERSION:0
[ 1208088ms] [ERROR] Failed to load resource: net::ERR_FAILED @ http://localhost:3999/VERSION:0
[ 1508095ms] [ERROR] Failed to load resource: net::ERR_FAILED @ http://localhost:3999/VERSION:0
[ 1808114ms] [ERROR] Failed to load resource: net::ERR_FAILED @ http://localhost:3999/VERSION:0
[ 2108118ms] [ERROR] Failed to load resource: net::ERR_FAILED @ http://localhost:3999/VERSION:0
[ 2408122ms] [ERROR] Failed to load resource: net::ERR_FAILED @ http://localhost:3999/VERSION:0
[ 2708127ms] [ERROR] Failed to load resource: net::ERR_FAILED @ http://localhost:3999/VERSION:0
[ 3008133ms] [ERROR] Failed to load resource: net::ERR_FAILED @ http://localhost:3999/VERSION:0
[ 3308143ms] [ERROR] Failed to load resource: net::ERR_FAILED @ http://localhost:3999/VERSION:0
[ 3608149ms] [ERROR] Failed to load resource: net::ERR_FAILED @ http://localhost:3999/VERSION:0
[ 3908160ms] [ERROR] Failed to load resource: net::ERR_FAILED @ http://localhost:3999/VERSION:0
[ 4208164ms] [ERROR] Failed to load resource: net::ERR_FAILED @ http://localhost:3999/VERSION:0
[ 4508169ms] [ERROR] Failed to load resource: net::ERR_FAILED @ http://localhost:3999/VERSION:0
[ 4808173ms] [ERROR] Failed to load resource: net::ERR_FAILED @ http://localhost:3999/VERSION:0
[ 5108179ms] [ERROR] Failed to load resource: net::ERR_FAILED @ http://localhost:3999/VERSION:0
[ 5408187ms] [ERROR] Failed to load resource: net::ERR_FAILED @ http://localhost:3999/VERSION:0
[ 5708203ms] [ERROR] Failed to load resource: net::ERR_FAILED @ http://localhost:3999/VERSION:0
[ 6008208ms] [ERROR] Failed to load resource: net::ERR_FAILED @ http://localhost:3999/VERSION:0
[ 6308211ms] [ERROR] Failed to load resource: net::ERR_FAILED @ http://localhost:3999/VERSION:0
[ 6608215ms] [ERROR] Failed to load resource: net::ERR_FAILED @ http://localhost:3999/VERSION:0
[ 6908221ms] [ERROR] Failed to load resource: net::ERR_FAILED @ http://localhost:3999/VERSION:0
[ 7208225ms] [ERROR] Failed to load resource: net::ERR_FAILED @ http://localhost:3999/VERSION:0
[ 7508228ms] [ERROR] Failed to load resource: net::ERR_FAILED @ http://localhost:3999/VERSION:0
[ 7808232ms] [ERROR] Failed to load resource: net::ERR_FAILED @ http://localhost:3999/VERSION:0
[ 8108237ms] [ERROR] Failed to load resource: net::ERR_FAILED @ http://localhost:3999/VERSION:0
[ 8408241ms] [ERROR] Failed to load resource: net::ERR_FAILED @ http://localhost:3999/VERSION:0
[ 8708244ms] [ERROR] Failed to load resource: net::ERR_FAILED @ http://localhost:3999/VERSION:0
[ 9008249ms] [ERROR] Failed to load resource: net::ERR_FAILED @ http://localhost:3999/VERSION:0
[ 9308252ms] [ERROR] Failed to load resource: net::ERR_FAILED @ http://localhost:3999/VERSION:0
[ 9608257ms] [ERROR] Failed to load resource: net::ERR_FAILED @ http://localhost:3999/VERSION:0
[ 9908261ms] [ERROR] Failed to load resource: net::ERR_FAILED @ http://localhost:3999/VERSION:0
[10208265ms] [ERROR] Failed to load resource: net::ERR_FAILED @ http://localhost:3999/VERSION:0
[10508269ms] [ERROR] Failed to load resource: net::ERR_FAILED @ http://localhost:3999/VERSION:0
[10808274ms] [ERROR] Failed to load resource: net::ERR_FAILED @ http://localhost:3999/VERSION:0
[11108278ms] [ERROR] Failed to load resource: net::ERR_FAILED @ http://localhost:3999/VERSION:0
