[     372ms] [WARNING] Wake Lock request failed: NotAllowedError: Wake Lock permission request denied @ http://localhost:3999/:2841
[     441ms] [ERROR] Failed to load resource: the server responded with a status of 404 (Not Found) @ http://localhost:3999/favicon.ico:0
[     880ms] [INFO] Banner not shown: beforeinstallpromptevent.preventDefault() called. The page must call beforeinstallpromptevent.prompt() to show the banner. @ http://localhost:3999/:0
[  619834ms] [WARNING] Wake Lock request failed: NotAllowedError: Wake Lock permission request denied @ http://localhost:3999/:2841
[  619891ms] [INFO] Banner not shown: beforeinstallpromptevent.preventDefault() called. The page must call beforeinstallpromptevent.prompt() to show the banner. @ http://localhost:3999/:0
[  619969ms] [ERROR] Failed to load resource: net::ERR_FAILED @ http://localhost:3999/VERSION:0
[  619977ms] [WARNING] Wake Lock request failed: NotAllowedError: Wake Lock permission request denied @ http://localhost:3999/:2841
[  619978ms] [ERROR] Failed to load resource: net::ERR_FAILED @ http://localhost:3999/VERSION:0
[  620006ms] [WARNING] Network Error. Failing over to IndexedDB LocalForage cache. Error: Browser is offline.
    at http://localhost:3999/:6931:54
    at fetchData (http://localhost:3999/:7218:15)
    at runApp (http://localhost:3999/:7844:17) @ http://localhost:3999/:7190
[  620007ms] [INFO] Banner not shown: beforeinstallpromptevent.preventDefault() called. The page must call beforeinstallpromptevent.prompt() to show the banner. @ http://localhost:3999/:0
[  919973ms] [ERROR] Failed to load resource: net::ERR_FAILED @ http://localhost:3999/VERSION:0
[ 1219989ms] [ERROR] Failed to load resource: net::ERR_FAILED @ http://localhost:3999/VERSION:0
[ 1519994ms] [ERROR] Failed to load resource: net::ERR_FAILED @ http://localhost:3999/VERSION:0
[ 1826621ms] [WARNING] Wake Lock request failed: NotAllowedError: Wake Lock permission request denied @ http://localhost:3999/:2841
[ 1826671ms] [INFO] Banner not shown: beforeinstallpromptevent.preventDefault() called. The page must call beforeinstallpromptevent.prompt() to show the banner. @ http://localhost:3999/:0
[ 1878871ms] [WARNING] Wake Lock request failed: NotAllowedError: Wake Lock permission request denied @ http://localhost:3999/:2841
[ 1878919ms] [INFO] Banner not shown: beforeinstallpromptevent.preventDefault() called. The page must call beforeinstallpromptevent.prompt() to show the banner. @ http://localhost:3999/:0
[ 2178868ms] [ERROR] Failed to load resource: net::ERR_FAILED @ http://localhost:3999/VERSION:0
[ 2478871ms] [ERROR] Failed to load resource: net::ERR_FAILED @ http://localhost:3999/VERSION:0
[ 2778875ms] [ERROR] Failed to load resource: net::ERR_FAILED @ http://localhost:3999/VERSION:0
[ 3078879ms] [ERROR] Failed to load resource: net::ERR_FAILED @ http://localhost:3999/VERSION:0
[ 3378885ms] [ERROR] Failed to load resource: net::ERR_FAILED @ http://localhost:3999/VERSION:0
[ 3678889ms] [ERROR] Failed to load resource: net::ERR_FAILED @ http://localhost:3999/VERSION:0
[ 4000009ms] [WARNING] Wake Lock request failed: NotAllowedError: Wake Lock permission request denied @ http://localhost:3999/:2841
[ 4000055ms] [INFO] Banner not shown: beforeinstallpromptevent.preventDefault() called. The page must call beforeinstallpromptevent.prompt() to show the banner. @ http://localhost:3999/:0
[ 4000178ms] [WARNING] Wake Lock request failed: NotAllowedError: Wake Lock permission request denied @ http://localhost:3999/:2841
[ 4000217ms] [INFO] Banner not shown: beforeinstallpromptevent.preventDefault() called. The page must call beforeinstallpromptevent.prompt() to show the banner. @ http://localhost:3999/:0
[ 4001963ms] [INFO] BrierSkill (n=3): ecmwf_ifs025=0.790  gfs_seamless=1.000  icon_seamless=1.000  jma_seamless=0.309  gem_seamless=1.000 @ http://localhost:3999/:6631
[ 4004130ms] [WARNING] Wake Lock request failed: NotAllowedError: Wake Lock permission request denied @ http://localhost:3999/:2841
[ 4004154ms] [INFO] Banner not shown: beforeinstallpromptevent.preventDefault() called. The page must call beforeinstallpromptevent.prompt() to show the banner. @ http://localhost:3999/:0
[ 4015574ms] [WARNING] Wake Lock request failed: NotAllowedError: Wake Lock permission request denied @ http://localhost:3999/:2841
[ 4015606ms] [INFO] Banner not shown: beforeinstallpromptevent.preventDefault() called. The page must call beforeinstallpromptevent.prompt() to show the banner. @ http://localhost:3999/:0
[ 4019655ms] [WARNING] Wake Lock request failed: NotAllowedError: Wake Lock permission request denied @ http://localhost:3999/:2841
[ 4019689ms] [INFO] Banner not shown: beforeinstallpromptevent.preventDefault() called. The page must call beforeinstallpromptevent.prompt() to show the banner. @ http://localhost:3999/:0
[ 4319647ms] [ERROR] Failed to load resource: net::ERR_FAILED @ http://localhost:3999/VERSION:0
[ 4619651ms] [ERROR] Failed to load resource: net::ERR_FAILED @ http://localhost:3999/VERSION:0
[ 4919655ms] [ERROR] Failed to load resource: net::ERR_FAILED @ http://localhost:3999/VERSION:0
[ 5219659ms] [ERROR] Failed to load resource: net::ERR_FAILED @ http://localhost:3999/VERSION:0
[ 5519664ms] [ERROR] Failed to load resource: net::ERR_FAILED @ http://localhost:3999/VERSION:0
[ 5819669ms] [ERROR] Failed to load resource: net::ERR_FAILED @ http://localhost:3999/VERSION:0
[ 6119673ms] [ERROR] Failed to load resource: net::ERR_FAILED @ http://localhost:3999/VERSION:0
[ 6419677ms] [ERROR] Failed to load resource: net::ERR_FAILED @ http://localhost:3999/VERSION:0
[ 6719683ms] [ERROR] Failed to load resource: net::ERR_FAILED @ http://localhost:3999/VERSION:0
[ 7019686ms] [ERROR] Failed to load resource: net::ERR_FAILED @ http://localhost:3999/VERSION:0
[ 7319690ms] [ERROR] Failed to load resource: net::ERR_FAILED @ http://localhost:3999/VERSION:0
[ 7619694ms] [ERROR] Failed to load resource: net::ERR_FAILED @ http://localhost:3999/VERSION:0
[ 7919699ms] [ERROR] Failed to load resource: net::ERR_FAILED @ http://localhost:3999/VERSION:0
[ 8219703ms] [ERROR] Failed to load resource: net::ERR_FAILED @ http://localhost:3999/VERSION:0
[ 8519708ms] [ERROR] Failed to load resource: net::ERR_FAILED @ http://localhost:3999/VERSION:0
[ 8819712ms] [ERROR] Failed to load resource: net::ERR_FAILED @ http://localhost:3999/VERSION:0
[ 9119716ms] [ERROR] Failed to load resource: net::ERR_FAILED @ http://localhost:3999/VERSION:0
[ 9419720ms] [ERROR] Failed to load resource: net::ERR_FAILED @ http://localhost:3999/VERSION:0
[ 9719725ms] [ERROR] Failed to load resource: net::ERR_FAILED @ http://localhost:3999/VERSION:0
[10019729ms] [ERROR] Failed to load resource: net::ERR_FAILED @ http://localhost:3999/VERSION:0
[10319734ms] [ERROR] Failed to load resource: net::ERR_FAILED @ http://localhost:3999/VERSION:0
[10619739ms] [ERROR] Failed to load resource: net::ERR_FAILED @ http://localhost:3999/VERSION:0
[10919742ms] [ERROR] Failed to load resource: net::ERR_FAILED @ http://localhost:3999/VERSION:0
[11219747ms] [ERROR] Failed to load resource: net::ERR_FAILED @ http://localhost:3999/VERSION:0
[11519751ms] [ERROR] Failed to load resource: net::ERR_FAILED @ http://localhost:3999/VERSION:0
[11819755ms] [ERROR] Failed to load resource: net::ERR_FAILED @ http://localhost:3999/VERSION:0
[12119759ms] [ERROR] Failed to load resource: net::ERR_FAILED @ http://localhost:3999/VERSION:0
[12419765ms] [ERROR] Failed to load resource: net::ERR_FAILED @ http://localhost:3999/VERSION:0
[12719769ms] [ERROR] Failed to load resource: net::ERR_FAILED @ http://localhost:3999/VERSION:0
[13019773ms] [ERROR] Failed to load resource: net::ERR_FAILED @ http://localhost:3999/VERSION:0
[13319778ms] [ERROR] Failed to load resource: net::ERR_FAILED @ http://localhost:3999/VERSION:0
[13619782ms] [ERROR] Failed to load resource: net::ERR_FAILED @ http://localhost:3999/VERSION:0
[13919787ms] [ERROR] Failed to load resource: net::ERR_FAILED @ http://localhost:3999/VERSION:0
[14069501ms] [WARNING] Wake Lock request failed: NotAllowedError: Wake Lock permission request denied @ http://localhost:3999/:2841
[14069540ms] [INFO] Banner not shown: beforeinstallpromptevent.preventDefault() called. The page must call beforeinstallpromptevent.prompt() to show the banner. @ http://localhost:3999/:0
[14070447ms] [ERROR] Blocked call to navigator.vibrate because user hasn't tapped on the frame or any embedded frame yet: https://www.chromestatus.com/feature/5644273861001216. @ http://localhost:3999/:6383
[14071322ms] [INFO] BrierSkill (n=10): ecmwf_ifs025=0.246  gfs_seamless=1.000  icon_seamless=0.853  jma_seamless=0.404  gem_seamless=1.000 @ http://localhost:3999/:6631
[14073590ms] [WARNING] Wake Lock request failed: NotAllowedError: Wake Lock permission request denied @ http://localhost:3999/:2998
[14073639ms] [INFO] Banner not shown: beforeinstallpromptevent.preventDefault() called. The page must call beforeinstallpromptevent.prompt() to show the banner. @ http://localhost:3999/:0
[14673603ms] [ERROR] Failed to load resource: net::ERR_FAILED @ http://localhost:3999/VERSION:0
[14973606ms] [ERROR] Failed to load resource: net::ERR_FAILED @ http://localhost:3999/VERSION:0
[15273614ms] [ERROR] Failed to load resource: net::ERR_FAILED @ http://localhost:3999/VERSION:0
[15573618ms] [ERROR] Failed to load resource: net::ERR_FAILED @ http://localhost:3999/VERSION:0
[15870487ms] [ERROR] Failed to load resource: net::ERR_FAILED @ http://localhost:3999/VERSION:0
